
   FAIL  Tests\Feature\SingleSessionTest
  ⨯ only one active session is allowed per user                          0.21s  
  ────────────────────────────────────────────────────────────────────────────  
   FAILED  Tests\Feature\SingleSessionTest > only one active session is allo…   
  Failed asserting that two strings are equal.
  -'http://localhost:8000/login'
  +'http://localhost:8000/news'
  

  at tests/Feature/SingleSessionTest.php:49
     45▕ 
     46▕         $response3 = $this->withCookie($cookieName, $session1Cookie)
     47▕                           ->get('/users');
     48▕ 
  ➜  49▕         $response3->assertRedirect('/login');
     50▕     }
     51▕ }
     52▕


  Tests:    1 failed (7 assertions)
  Duration: 0.23s

